src/lib/credits.ts(11,29): error TS2339: Property 'ledgerTx' does not exist on type 'PrismaClient<PrismaClientOptions, never, DefaultArgs>'.
src/lib/credits.ts(15,23): error TS7006: Parameter 'sum' implicitly has an 'any' type.
src/lib/credits.ts(15,28): error TS7006: Parameter 'r' implicitly has an 'any' type.
src/lib/credits.ts(20,16): error TS2339: Property 'ledgerTx' does not exist on type 'PrismaClient<PrismaClientOptions, never, DefaultArgs>'.
src/lib/credits.ts(37,16): error TS2339: Property 'ledgerTx' does not exist on type 'PrismaClient<PrismaClientOptions, never, DefaultArgs>'.
src/lib/credits.ts(57,33): error TS2339: Property 'ledgerTx' does not exist on type 'PrismaClient<PrismaClientOptions, never, DefaultArgs>'.
src/lib/credits.ts(63,18): error TS2339: Property 'ledgerTx' does not exist on type 'PrismaClient<PrismaClientOptions, never, DefaultArgs>'.
src/lib/settle - Copy.ts(159,35): error TS2353: Object literal may only specify known properties, and 'publishedAt' does not exist in type '(Without<ItemUpdateInput, ItemUncheckedUpdateInput> & ItemUncheckedUpdateInput) | (Without<...> & ItemUpdateInput)'.
src/lib/settle.ts(44,5): error TS2322: Type '{ OR: readonly [{ readonly flags: null; }, { readonly NOT: { readonly flags: { readonly contains: "\"valid\":false"; }; }; }]; roundId: string; }' is not assignable to type 'AttemptWhereInput'.
  Types of property 'OR' are incompatible.
    The type 'readonly [{ readonly flags: null; }, { readonly NOT: { readonly flags: { readonly contains: "\"valid\":false"; }; }; }]' is 'readonly' and cannot be assigned to the mutable type 'AttemptWhereInput[]'.
